// Jest Snapshot v1, https://goo.gl/fbAQLP

exports[`Test ButtonPanel Snapshot matches ButtonPanel snapshot 1`] = `
Array [
  <div
    className="w-full border-white border-4 border-b-0 flex flex-wrap"
  >
    <button
      className="border-white select-none border-2 w-1/4 h-12 flex justify-center items-center bg-red-500 text-white font-black cursor-pointer hover:bg-red-900 text-xl bg-blue-300 hover:bg-blue-600"
      onClick={[Function]}
      type="button"
    >
      AC
    </button>
    <button
      className="border-white select-none border-2 w-1/4 h-12 flex justify-center items-center bg-red-500 text-white font-black cursor-pointer hover:bg-red-900 text-xl bg-blue-300 hover:bg-blue-600"
      onClick={[Function]}
      type="button"
    >
      +/-
    </button>
    <button
      className="border-white select-none border-2 w-1/4 h-12 flex justify-center items-center bg-red-500 text-white font-black cursor-pointer hover:bg-red-900 text-xl bg-blue-300 hover:bg-blue-600"
      onClick={[Function]}
      type="button"
    >
      %
    </button>
    <button
      className="border-white select-none border-2 w-1/4 h-12 flex justify-center items-center bg-red-500 text-white font-black cursor-pointer hover:bg-red-900 text-xl bg-blue-300 hover:bg-blue-600"
      onClick={[Function]}
      type="button"
    >
      /
    </button>
  </div>,
  <div
    className="w-full border-white border-4 border-b-0 flex flex-wrap"
  >
    <button
      className="border-white select-none border-2 w-1/4 h-12 flex justify-center items-center bg-red-500 text-white font-black cursor-pointer hover:bg-red-900 text-xl text-3xl"
      onClick={[Function]}
      type="button"
    >
      7
    </button>
    <button
      className="border-white select-none border-2 w-1/4 h-12 flex justify-center items-center bg-red-500 text-white font-black cursor-pointer hover:bg-red-900 text-xl text-3xl"
      onClick={[Function]}
      type="button"
    >
      8
    </button>
    <button
      className="border-white select-none border-2 w-1/4 h-12 flex justify-center items-center bg-red-500 text-white font-black cursor-pointer hover:bg-red-900 text-xl text-3xl"
      onClick={[Function]}
      type="button"
    >
      9
    </button>
    <button
      className="border-white select-none border-2 w-1/4 h-12 flex justify-center items-center bg-red-500 text-white font-black cursor-pointer hover:bg-red-900 text-xl bg-blue-300 hover:bg-blue-600"
      onClick={[Function]}
      type="button"
    >
      x
    </button>
  </div>,
  <div
    className="w-full border-white border-4 border-b-0 flex flex-wrap"
  >
    <button
      className="border-white select-none border-2 w-1/4 h-12 flex justify-center items-center bg-red-500 text-white font-black cursor-pointer hover:bg-red-900 text-xl text-3xl"
      onClick={[Function]}
      type="button"
    >
      4
    </button>
    <button
      className="border-white select-none border-2 w-1/4 h-12 flex justify-center items-center bg-red-500 text-white font-black cursor-pointer hover:bg-red-900 text-xl text-3xl"
      onClick={[Function]}
      type="button"
    >
      5
    </button>
    <button
      className="border-white select-none border-2 w-1/4 h-12 flex justify-center items-center bg-red-500 text-white font-black cursor-pointer hover:bg-red-900 text-xl text-3xl"
      onClick={[Function]}
      type="button"
    >
      6
    </button>
    <button
      className="border-white select-none border-2 w-1/4 h-12 flex justify-center items-center bg-red-500 text-white font-black cursor-pointer hover:bg-red-900 text-xl bg-blue-300 hover:bg-blue-600"
      onClick={[Function]}
      type="button"
    >
      -
    </button>
  </div>,
  <div
    className="w-full border-white border-4 border-b-0 flex flex-wrap"
  >
    <button
      className="border-white select-none border-2 w-1/4 h-12 flex justify-center items-center bg-red-500 text-white font-black cursor-pointer hover:bg-red-900 text-xl text-3xl"
      onClick={[Function]}
      type="button"
    >
      1
    </button>
    <button
      className="border-white select-none border-2 w-1/4 h-12 flex justify-center items-center bg-red-500 text-white font-black cursor-pointer hover:bg-red-900 text-xl text-3xl"
      onClick={[Function]}
      type="button"
    >
      2
    </button>
    <button
      className="border-white select-none border-2 w-1/4 h-12 flex justify-center items-center bg-red-500 text-white font-black cursor-pointer hover:bg-red-900 text-xl text-3xl"
      onClick={[Function]}
      type="button"
    >
      3
    </button>
    <button
      className="border-white select-none border-2 w-1/4 h-12 flex justify-center items-center bg-red-500 text-white font-black cursor-pointer hover:bg-red-900 text-xl bg-blue-300 hover:bg-blue-600"
      onClick={[Function]}
      type="button"
    >
      +
    </button>
  </div>,
  <div
    className="w-full border-white border-4 flex flex-wrap"
  >
    <button
      className="border-white select-none border-2 w-1/4 h-12 flex justify-center items-center bg-red-500 text-white font-black cursor-pointer hover:bg-red-900 text-xl w-2/4 text-3xl"
      onClick={[Function]}
      type="button"
    >
      0
    </button>
    <button
      className="border-white select-none border-2 w-1/4 h-12 flex justify-center items-center bg-red-500 text-white font-black cursor-pointer hover:bg-red-900 text-xl text-3xl"
      onClick={[Function]}
      type="button"
    >
      .
    </button>
    <button
      className="border-white select-none border-2 w-1/4 h-12 flex justify-center items-center bg-red-500 text-white font-black cursor-pointer hover:bg-red-900 text-xl text-3xl bg-blue-400 hover:bg-blue-900"
      onClick={[Function]}
      type="button"
    >
      =
    </button>
  </div>,
]
`;
